Portal:Biology
Biology
Biologist
Bibliography of encyclopedias: biology
Bioactive terrarium
Bioliteracy
Biological constraints
Cancer exodus hypothesis
Dermestarium
Endogeny (biology)
High throughput biology
Plasmagene
Polylecty
Spatial biology
Tokogeny
Universality–diversity paradigm
Category:Biology by city
Category:Biology by country subdivision
Category:Biology by dependent territory
Category:Biology by continent
Category:Biology by country
Category:Branches of biology
Category:Organisms
Category:Biologists
Category:Biology-related lists
Category:Works about biology
Category:Bioelectricity
Category:Biomagnetics
Category:Biological censuses
Category:Biological classification
Category:Biological concepts
Category:Biological contamination
Category:Biology and culture
Category:Biological descriptions
Category:Biology education
Category:Eponyms in biology
Category:Eukaryote biology
Category:Food science
Category:Geometry in biology
Category:History of biology
Category:Biology images
Category:Biological interactions
Category:Philosophy of biology
Category:Biological processes
Category:Quantum biology
Category:Biological records
Category:Biological rules
Category:Biology in society
Category:Specimens
Category:Biological systems
Category:Biological techniques and tools
Category:Biology terminology
Category:Unsolved problems in biology
Category:Biological waste
Category:Biology stubs
